../Core/Src/main.c:108:5:main	320	static
../Core/Src/main.c:166:6:SystemClock_Config	160	static
../Core/Src/main.c:216:13:MX_TIM1_Init	72	static
../Core/Src/main.c:292:13:MX_TIM2_Init	64	static
../Core/Src/main.c:351:13:MX_USART2_UART_Init	8	static
../Core/Src/main.c:386:13:MX_GPIO_Init	48	static
../Core/Src/main.c:420:10:GetSurvey	16	static
../Core/Src/main.c:427:9:USART_keyboardhit	4	static
../Core/Src/main.c:434:8:USART_getchar	16	static
../Core/Src/main.c:447:6:USART_fSend	152	static,ignoring_inline_asm
../Core/Src/main.c:474:6:HAL_UART_TxCpltCallback	24	static
../Core/Src/main.c:483:6:HAL_UART_RxCpltCallback	16	static
../Core/Src/main.c:491:9:getFrame	24	static
../Core/Src/main.c:546:9:analizeFrame	40	static
../Core/Src/main.c:592:6:sendFrame	1064	static
../Core/Src/main.c:626:9:code_Command	32	static
../Core/Src/main.c:652:9:CRC_100	24	static
../Core/Src/main.c:662:6:analizeCommend	48	static
../Core/Src/main.c:678:6:Error_Handler	4	static,ignoring_inline_asm
