../Core/Src/main.c:101:6:HAL_TIM_IC_CaptureCallback	24	static
../Core/Src/main.c:118:5:main	320	static
../Core/Src/main.c:180:6:SystemClock_Config	160	static
../Core/Src/main.c:230:13:MX_TIM1_Init	72	static
../Core/Src/main.c:306:13:MX_TIM2_Init	64	static
../Core/Src/main.c:365:13:MX_USART2_UART_Init	8	static
../Core/Src/main.c:398:13:MX_DMA_Init	16	static
../Core/Src/main.c:419:13:MX_GPIO_Init	48	static
../Core/Src/main.c:455:6:GetSurvey	16	static
../Core/Src/main.c:461:9:USART_keyboardhit	4	static
../Core/Src/main.c:468:8:USART_getchar	16	static
../Core/Src/main.c:481:6:USART_fSend	152	static,ignoring_inline_asm
../Core/Src/main.c:508:6:HAL_UART_TxCpltCallback	24	static
../Core/Src/main.c:517:6:HAL_UART_RxCpltCallback	16	static
../Core/Src/main.c:525:9:getFrame	24	static
../Core/Src/main.c:580:9:analizeFrame	40	static
../Core/Src/main.c:624:6:sendFrame	1064	static
../Core/Src/main.c:658:9:code_Command	32	static
../Core/Src/main.c:684:9:CRC_100	24	static
../Core/Src/main.c:695:6:analizeCommend	48	static
../Core/Src/main.c:711:6:Error_Handler	4	static,ignoring_inline_asm
