../Core/Src/main.c:113:5:main	320	static
../Core/Src/main.c:181:6:SystemClock_Config	160	static
../Core/Src/main.c:231:13:MX_TIM1_Init	72	static
../Core/Src/main.c:307:13:MX_TIM2_Init	64	static
../Core/Src/main.c:366:13:MX_USART2_UART_Init	8	static
../Core/Src/main.c:399:13:MX_DMA_Init	16	static
../Core/Src/main.c:420:13:MX_GPIO_Init	48	static
../Core/Src/main.c:454:6:HAL_TIM_IC_CaptureCallback	32	static
../Core/Src/main.c:467:6:GetSurvey	16	static
../Core/Src/main.c:478:9:USART_keyboardhit	4	static
../Core/Src/main.c:485:8:USART_getchar	16	static
../Core/Src/main.c:498:6:USART_fSend	152	static,ignoring_inline_asm
../Core/Src/main.c:525:6:HAL_UART_TxCpltCallback	24	static
../Core/Src/main.c:534:6:HAL_UART_RxCpltCallback	16	static
../Core/Src/main.c:542:9:getFrame	24	static
../Core/Src/main.c:597:9:analizeFrame	40	static
../Core/Src/main.c:643:6:sendFrame	1064	static
../Core/Src/main.c:677:9:code_Command	32	static
../Core/Src/main.c:703:9:CRC_100	24	static
../Core/Src/main.c:713:6:analizeCommend	48	static
../Core/Src/main.c:729:6:Error_Handler	4	static,ignoring_inline_asm
