../Core/Src/main.c:101:6:HAL_TIM_IC_CaptureCallback	24	static
../Core/Src/main.c:116:5:main	320	static
../Core/Src/main.c:176:6:SystemClock_Config	160	static
../Core/Src/main.c:226:13:MX_TIM1_Init	72	static
../Core/Src/main.c:302:13:MX_TIM2_Init	64	static
../Core/Src/main.c:361:13:MX_USART2_UART_Init	8	static
../Core/Src/main.c:394:13:MX_DMA_Init	16	static
../Core/Src/main.c:415:13:MX_GPIO_Init	48	static
../Core/Src/main.c:451:6:GetSurvey	16	static
../Core/Src/main.c:457:9:USART_keyboardhit	4	static
../Core/Src/main.c:464:8:USART_getchar	16	static
../Core/Src/main.c:477:6:USART_fSend	152	static,ignoring_inline_asm
../Core/Src/main.c:504:6:HAL_UART_TxCpltCallback	24	static
../Core/Src/main.c:513:6:HAL_UART_RxCpltCallback	16	static
../Core/Src/main.c:521:9:getFrame	24	static
../Core/Src/main.c:576:9:analizeFrame	40	static
../Core/Src/main.c:620:6:sendFrame	1064	static
../Core/Src/main.c:654:9:code_Command	32	static
../Core/Src/main.c:680:9:CRC_100	24	static
../Core/Src/main.c:691:6:analizeCommend	48	static
../Core/Src/main.c:707:6:Error_Handler	4	static,ignoring_inline_asm
