../Core/Src/main.c:104:6:HAL_TIM_IC_CaptureCallback	24	static
../Core/Src/main.c:120:5:main	320	static
../Core/Src/main.c:183:6:SystemClock_Config	160	static
../Core/Src/main.c:233:13:MX_TIM1_Init	72	static
../Core/Src/main.c:309:13:MX_TIM2_Init	64	static
../Core/Src/main.c:368:13:MX_USART2_UART_Init	8	static
../Core/Src/main.c:401:13:MX_DMA_Init	16	static
../Core/Src/main.c:422:13:MX_GPIO_Init	48	static
../Core/Src/main.c:458:6:GetSurvey	16	static
../Core/Src/main.c:469:9:USART_keyboardhit	4	static
../Core/Src/main.c:476:8:USART_getchar	16	static
../Core/Src/main.c:489:6:USART_fSend	152	static,ignoring_inline_asm
../Core/Src/main.c:516:6:HAL_UART_TxCpltCallback	24	static
../Core/Src/main.c:525:6:HAL_UART_RxCpltCallback	16	static
../Core/Src/main.c:533:9:getFrame	24	static
../Core/Src/main.c:588:9:analizeFrame	40	static
../Core/Src/main.c:634:6:sendFrame	1064	static
../Core/Src/main.c:668:9:code_Command	32	static
../Core/Src/main.c:694:9:CRC_100	24	static
../Core/Src/main.c:704:6:analizeCommend	48	static
../Core/Src/main.c:720:6:Error_Handler	4	static,ignoring_inline_asm
